// Jest Snapshot v1, https://goo.gl/fbAQLP

exports[`Packaging should match snapshot 1`] = `
<div>
  <h2>
    Packaging
  </h2>
  <button
    onClick={[Function]}
  >
    Next Page
  </button>
</div>
`;
