// Jest Snapshot v1, https://goo.gl/fbAQLP

exports[`Summary should match snapshot 1`] = `
<div>
  <h2>
    Summary
  </h2>
  <button>
    Print
  </button>
</div>
`;
