// Jest Snapshot v1, https://goo.gl/fbAQLP

exports[`Processing should match snapshot 1`] = `
<div>
  <h2>
    Processing
  </h2>
  <button
    onClick={[Function]}
  >
    Next Page
  </button>
</div>
`;
