// Jest Snapshot v1, https://goo.gl/fbAQLP

exports[`Inventory should match snapshot 1`] = `
<div>
  <h2>
    Inventory
  </h2>
  <button
    onClick={[Function]}
    to="/dashboard"
  >
    Next Page
  </button>
</div>
`;
