// Jest Snapshot v1, https://goo.gl/fbAQLP

exports[`Dashboard should match snapshot 1`] = `
<div>
  <h2>
    Dashboard
  </h2>
  <div>
    <h4
      className="products-title"
    >
      Products
    </h4>
    <Connect(ProductContainer)
      userProducts={Array []}
    />
  </div>
</div>
`;
