// Jest Snapshot v1, https://goo.gl/fbAQLP

exports[`ProductContainer should match snapshot 1`] = `
<section
  className="products-container"
>
  <WithStyles(Button)
    onClick={[Function]}
    variant="outlined"
  >
    <pure(AddIcon) />
  </WithStyles(Button)>
</section>
`;
